// Jest Snapshot v1, https://goo.gl/fbAQLP

exports[`Step component 1`] = `
<div>
  <div
    class="css-1bvw1ww"
  >
    <p>
      <i>
        Step 1
      </i>
      <br />
      Best way to debug code?
    </p>
    <div>
      <p>
        Delete it!
      </p>
    </div>
  </div>
</div>
`;
