// Jest Snapshot v1, https://goo.gl/fbAQLP

exports[`MatchesTable component with results 1`] = `
<div>
  <div
    class="css-d550xy"
  >
    <p>
      Matches:
    </p>
    <div
      class="table"
    >
      <div
        class="css-140sd30"
      >
        <div>
          #
        </div>
        <div>
          content
        </div>
      </div>
      <div
        class="css-140sd30"
      >
        <div>
          0
        </div>
        <div>
          1
        </div>
      </div>
      <div
        class="css-140sd30"
      >
        <div>
          1
        </div>
        <div>
          0
        </div>
      </div>
    </div>
  </div>
</div>
`;

exports[`MatchesTable component without results 1`] = `
<div>
  <p
    class="css-7jl3jq"
  >
    The regex gets no matches.
  </p>
</div>
`;
